******************************************************************************
              TMS320C55x Linker PC v4.3.9                      
******************************************************************************
>> Linked Thu Apr 28 09:34:08 2016

OUTPUT FILE NAME:   <System2.out>
ENTRY POINT SYMBOL: "_c_int00"  address: 00025141


MEMORY CONFIGURATION

         name            origin    length      used     unused   attr    fill
                        (bytes)   (bytes)    (bytes)   (bytes)
----------------------  --------  ---------  --------  --------  ----  --------
PAGE 0:
  MMR                   00000000   000000c0  00000000  000000c0  RWIX
  DARAM0                000000c0   0000ff40  0000f410  00000b30  RWIX
  SARAM0                00010000   00010000  00000000  00010000  RWIX
  SARAM1                00020000   00020000  00005265  0001ad9b  RWIX
  SARAM2                00040000   00010000  00000422  0000fbde  RWIX
  PDROM                 00ff8000   00008000  00000100  00007f00  R IX

PAGE 2:
  IOPORT                00000000   00020000  00000000  00020000  RWI 


SECTION ALLOCATION MAP
(Addresses surrounded by []'s are displayed for convenience only!)

output                                                          attributes/
section   page  orgn(bytes) orgn(words) len(bytes) len(words)   input sections
--------  ----  ----------- ----------- ---------- ----------   --------------
.pinit       0   [ 00040000 ]  00020000          *   00000000   UNINITIALIZED

.stack       0   [ 000000c0 ]  00000060          *   00001000   UNINITIALIZED
                 [ 000000c0 ]  00000060          *   00001000   --HOLE--

.data        0   [ 000000c0 ]  00000060          *   00000000   UNINITIALIZED

.sysstack 
*            0   [ 000020c0 ]  00001060          *   00000800   UNINITIALIZED
                 [ 000020c0 ]  00001060          *   00000800   --HOLE--

.bss.1       0   [ 000030c0 ]  00001860          *   00005023   UNINITIALIZED
                 [ 000030c0 ]  00001860          *   00004e39   main.obj (.bss)
                 [ 0000cd32 ]  00006699          *   00000001   rts55x.lib : fopen.obj (.bss)
                 [ 0000cd34 ]  0000669a          *   00000119              : defs.obj (.bss)
                 [ 0000cf66 ]  000067b3          *   000000d0              : trgdrv.obj (.bss)

.bss.2       0   [ 0000d108 ]  00006884          *   00000071   UNINITIALIZED
                 [ 0000d108 ]  00006884          *   00000071   rts55x.lib : lowlev.obj (.bss)

.bss.3       0   [ 0000d1ec ]  000068f6          *   0000000b   UNINITIALIZED
                 [ 0000d1ec ]  000068f6          *   00000006   rts55x.lib : memory.obj (.bss)
                 [ 0000d1f8 ]  000068fc          *   00000005   ezdsp_setup.obj (.bss)

.bss.4       0   [ 0000d204 ]  00006902          *   00000008   UNINITIALIZED
                 [ 0000d204 ]  00006902          *   00000004   rts55x.lib : _lock.obj (.bss)
                 [ 0000d20c ]  00006906          *   00000004              : exit.obj (.bss)

.sysmem      0   [ 0000d214 ]  0000690a          *   00001000   UNINITIALIZED
                 [ 0000d214 ]  0000690a          *   00001000   --HOLE--

.const.1     0   [ 0000f214 ]  0000790a          *   00000101   
                 [ 0000f214 ]  0000790a          *   00000101   rts55x.lib : ctype.obj (.const:__ctypes_)

.const.2     0   [ 0000f418 ]  00007a0c          *   0000003b   
                 [ 0000f418 ]  00007a0c          *   00000024   rts55x.lib : _printfi.obj (.const:.string)
                 [ 0000f460 ]  00007a30          *   00000017   main.obj (.const:.string)

.const.3     0   [ 0000f490 ]  00007a48          *   0000001f   
                 [ 0000f490 ]  00007a48          *   0000000c   rts55x.lib : _printfi.obj (.const)
                 [ 0000f4a8 ]  00007a54          *   00000008              : divd.obj (.const:_initial_approx$1)
                 [ 0000f4b8 ]  00007a5c          *   00000006   ezdsp_setup.obj (.const:_$P$T0$1)
                 [ 0000f4c4 ]  00007a62          *   00000005   ezdsp_setup.obj (.const:_$P$T1$2)

.const.4     0   [ 0000f4d0 ]  00007a68          *   00000006   
                 [ 0000f4d0 ]  00007a68          *   00000002   rts55x.lib : fputs.obj (.const:.string)
                 [ 0000f4d4 ]  00007a6a          *   00000002              : divd.obj (.const)
                 [ 0000f4d8 ]  00007a6c          *   00000002              : fltlid.obj (.const)

.text        0     00020000  [ 00010000 ] 00005265          *   
                   00020000  [ 00010000 ] 00001598          *   rts55x.lib : _printfi.obj (.text)
                   00021598  [ 00010acc ] 00000c3d          *   ezdsp_setup.obj (.text)
                   000221d5  [ 000110ea+] 00000543          *   rts55x.lib : lowlev.obj (.text)
                   00022718  [ 0001138c ] 00000528          *              : trgdrv.obj (.text)
                   00022c40  [ 00011620 ] 000004b5          *              : memory.obj (.text)
                   000230f5  [ 0001187a+] 0000036c          *              : divd.obj (.text)
                   00023461  [ 00011a30+] 0000027f          *              : fopen.obj (.text)
                   000236e0  [ 00011b70 ] 0000025e          *              : llmpy.obj (.text)
                   0002393e  [ 00011c9f ] 00000259          *              : addd.obj (.text)
                   00023b97  [ 00011dcb+] 00000214          *   main.obj (.text)
                   00023dab  [ 00011ed5+] 000001ea          *   rts55x.lib : cmpd.obj (.text)
                   00023f95  [ 00011fca+] 00000163          *              : fputs.obj (.text)
                   000240f8  [ 0001207c ] 0000014c          *              : mpyd.obj (.text)
                   00024244  [ 00012122 ] 000000e7          *   mainDown2.obj (.text)
                   0002432b  [ 00012195+] 000000e6          *   rts55x.lib : setvbuf.obj (.text)
                   00024411  [ 00012208+] 000000dd          *              : _io_perm.obj (.text)
                   000244ee  [ 00012277 ] 000000db          *   mainUp2.obj (.text)
                   000245c9  [ 000122e4+] 000000c8          *   rts55x.lib : frcmpyd_div.obj (.text)
                   00024691  [ 00012348+] 000000c2          *              : fflush.obj (.text)
                   00024753  [ 000123a9+] 000000c0          *   mainDown1.obj (.text)
                   00024813  [ 00012409+] 000000ba          *   rts55x.lib : trgmsg.obj (.text:CIO_breakpoint)
                   000248cd  [ 00012466+] 000000b4          *   mainUp1.obj (.text)
                   00024981  [ 000124c0+] 000000a6          *   rts55x.lib : fputc.obj (.text)
                   00024a27  [ 00012513+] 000000a1          *              : divul.obj (.text)
                   00024ac8  [ 00012564 ] 0000007d          *              : ltoa.obj (.text)
                   00024b45  [ 000125a2+] 0000007b          *              : fclose.obj (.text)
                   00024bc0  [ 000125e0 ] 00000076          *              : frcmpyd.obj (.text)
                   00024c36  [ 0001261b ] 00000072          *              : remul.obj (.text)
                   00024ca8  [ 00012654 ] 0000006f          *              : fixdli.obj (.text)
                   00024d17  [ 0001268b+] 0000006d          *              : trgmsg.obj (.text)
                   00024d84  [ 000126c2 ] 0000006b          *              : fseek.obj (.text)
                   00024def  [ 000126f7+] 00000067          *              : fltlid.obj (.text)
                   00024e56  [ 0001272b ] 0000005f          *   delay2.obj (.text)
                   00024eb5  [ 0001275a+] 0000005c          *   rts55x.lib : atoi.obj (.text)
                   00024f11  [ 00012788+] 00000050          *              : printf.obj (.text)
                   00024f61  [ 000127b0+] 0000004d          *              : autoinit.obj (.text)
                   00024fae  [ 000127d7 ] 0000004b          *              : args_main.obj (.text)
                   00024ff9  [ 000127fc+] 0000004b          *              : remli.obj (.text)
                   00025044  [ 00012822 ] 00000048          *              : divli.obj (.text)
                   0002508c  [ 00012846 ] 0000003f          *              : memcpy.obj (.text)
                   000250cb  [ 00012865+] 0000003e          *              : exit.obj (.text)
                   00025109  [ 00012884+] 00000038          *   delay1.obj (.text)
                   00025141  [ 000128a0+] 00000034          *   rts55x.lib : boot.obj (.text)
                   00025175  [ 000128ba+] 0000002a          *              : fixdi.obj (.text)
                   0002519f  [ 000128cf+] 0000002a          *              : udiv.obj (.text)
                   000251c9  [ 000128e4+] 00000023          *              : memccpy.obj (.text)
                   000251ec  [ 000128f6 ] 0000001c          *              : isinf.obj (.text)
                   00025208  [ 00012904 ] 00000014          *              : subd.obj (.text)
                   0002521c  [ 0001290e ] 00000013          *              : lmpy.obj (.text)
                   0002522f  [ 00012917+] 00000012          *              : _lock.obj (.text)
                   00025241  [ 00012920+] 00000010          *              : negd.obj (.text)
                   00025251  [ 00012928+] 0000000a          *              : remove.obj (.text)
                   0002525b  [ 0001292d+] 00000007          *              : exit.obj (.text:CIO_breakpoint)
                   00025262  [ 00012931 ] 00000002          *              : vectors.obj (.text)
                   00025264  [ 00012932 ] 00000001          *   --HOLE-- [fill = 20]

.cio         0   [ 00040000 ]  00020000          *   00000120   UNINITIALIZED
                 [ 00040000 ]  00020000          *   00000120   rts55x.lib : trgmsg.obj (.cio)

.cinit       0   [ 00040240 ]  00020120          *   0000009b   
                 [ 00040240 ]  00020120          *   0000002d   rts55x.lib : lowlev.obj (.cinit)
                 [ 0004029a ]  0002014d          *   0000002a              : defs.obj (.cinit)
                 [ 000402ee ]  00020177          *   0000001a   main.obj (.cinit)
                 [ 00040322 ]  00020191          *   0000000d   ezdsp_setup.obj (.cinit)
                 [ 0004033c ]  0002019e          *   0000000a   rts55x.lib : _lock.obj (.cinit)
                 [ 00040350 ]  000201a8          *   0000000a              : exit.obj (.cinit)
                 [ 00040364 ]  000201b2          *   00000004              : fopen.obj (.cinit)
                 [ 0004036c ]  000201b6          *   00000004              : memory.obj (.cinit)
                 [ 00040374 ]  000201ba          *   00000001   --HOLE-- [fill = 0]

.switch      0   [ 00040378 ]  000201bc          *   00000056   
                 [ 00040378 ]  000201bc          *   00000056   ezdsp_setup.obj (.switch)

vectors      0     00ffff00  [ 007fff80 ] 00000100          *   
                   00ffff00  [ 007fff80 ] 00000100          *   rts55x.lib : vectors.obj (vectors)


GLOBAL SYMBOLS: SORTED ALPHABETICALLY BY Name 

abs. value/
byte addr   word addr   name
---------   ---------   ----
00000002                $TI_capability$C5500$CallingConvention
00000002                $TI_capability$C5500$MemoryModel
00000001                $TI_capability_requires_rev3
ffffffff                .bss
ffffffff                .data
ffffffff                .text
0002525c                C$$EXIT
000248c8                C$$IO$$
0002521c                I$$LMPY
0002519f                I$$UDIV
000251b4                I$$UMOD
            00006682    _COEFF
0002477a                _FIR1
00024273                _FIR2
00021925                _GPIO_getInput
00021827                _GPIO_init
0002182b                _GPIO_setDirection
000218a8                _GPIO_setOutput
00022be2                _HOSTclock
00022b77                _HOSTclose
00022ac2                _HOSTlseek
00022a23                _HOSTopen
00022996                _HOSTread
000228e8                _HOSTrename
0002288a                _HOSTtime
00022820                _HOSTunlink
00022793                _HOSTwrite
00021700                _I2C_close
000216e1                _I2C_init
000217a2                _I2C_read
00021709                _I2C_reset
00021717                _I2C_write
00022011                _I2S_init
00021fcf                _OSD9616_multiSend
00021fb0                _OSD9616_send
            00006680    _Rcv
00ffff00                _Reset
0002204a                _TLV320AIC3204_init
00022029                _TLV320AIC3204_set
            00006681    _Xmit
            00020000    __CIOBUF_
            00001060    __STACK_END
00002000                __STACK_SIZE
00002000                __SYSMEM_SIZE
00001000                __SYSSTACK_SIZE
ffffffff                ___binit__
ffffffff                ___bss__
ffffffff                ___c_args__
            00020120    ___cinit__
ffffffff                ___data__
ffffffff                ___edata__
ffffffff                ___end__
ffffffff                ___etext__
000251ec                ___isinf
ffffffff                ___pinit__
ffffffff                ___text__
0002393e                __addd
00024fae                __args_main
00023582                __cleanup
            00006906    __cleanup_ptr
00023f3d                __cmpd
            0000790a    __ctypes_
00023117                __divd
00025044                __divli
00023909                __divlli
0002519f                __divu
00024a27                __divul
00023815                __divull
00024691                __doflush
            00006908    __dtors_ptr
00023f09                __eqld
00025175                __fixdi
00024ca8                __fixdli
00024def                __fltlid
00024bc0                __frcmpyd
000245c9                __frcmpyd_div
            000067b2    __ft_end
            0000669a    __ftable
00023ebf                __geqd
00023e74                __gtrd
00023e27                __leqd
            00006902    __lock
00023ddf                __lssd
000240f8                __mpyd
0002521c                __mpyli
0002375d                __mpylli
00025241                __negd
00023dab                __neqd
0002523f                __nop
00021356                __printfi
00024491                __rd_ok
00025237                __register_lock
0002522f                __register_unlock
00024ff9                __remli
0002372e                __remlli
000251b4                __remu
00024c36                __remul
000236e0                __remull
            00000060    __stack
00025208                __subd
            0000690a    __sys_memory
            00001060    __sysstack
            00006712    __tmpnams
            00006904    __unlock
00024411                __wrt_ok
0002525b                _abort
00022628                _add_device
            00001860    _array
00024eb5                _atoi
00024f61                _auto_init
00025141                _c_int00
000230cf                _calloc
000230c7                _chkheap
000225b5                _close
00025111                _delayB1
00024e66                _delayB2
000247a5                _downFunc1
0002429e                _downFunc2
            000068fe    _endPoint
000250cb                _exit
00024b45                _fclose
000246fa                _fflush
000225ac                _find_registered_device
000236a5                _fopen
00024981                _fputc
00023f95                _fputs
00022c40                _free
00023071                _free_memory
000235dc                _freopen
00024d84                _fseek
00022718                _getenv
            00006900    _i
            000068fc    _i2c_timeout
00024753                _initArray1
00024244                _initArray2
00023c42                _init_array
00023d3c                _initialize
00022546                _lseek
00024ac8                _ltoa
00023d23                _main
00022d71                _malloc
00023017                _max_free
000251c9                _memccpy
0002508c                _memcpy
00021ad8                _message1
00021b34                _message2
00022d0c                _minit
00022487                _open
00023b97                _playback
00021b90                _printChar
00021f75                _printLetter
00024f11                _printf
00024981                _putc
00024a18                _putchar
000240ca                _puts
000223d9                _read
00024d17                _readmsg
00022e66                _realloc
00025251                _remove
000223a3                _remove_device
0002234a                _rename
0002197d                _screen_init
            000068ff    _scroll
0002432b                _setvbuf
000215de                _system_init
00022317                _unlink
0002494b                _upFunc1
00024574                _upFunc2
00021598                _wait
000215cc                _waitusec
000221d5                _write
00024813                _writemsg
ffffffff                binit
            00020120    cinit
ffffffff                edata
ffffffff                end
ffffffff                etext
ffffffff                pinit


GLOBAL SYMBOLS: SORTED BY Symbol Address 

abs. value/
byte addr   word addr   name
---------   ---------   ----
00000001                $TI_capability_requires_rev3
00000002                $TI_capability$C5500$CallingConvention
00000002                $TI_capability$C5500$MemoryModel
            00000060    __stack
00001000                __SYSSTACK_SIZE
00002000                __STACK_SIZE
00002000                __SYSMEM_SIZE
            00001060    __STACK_END
            00001060    __sysstack
            00001860    _array
            00006680    _Rcv
            00006681    _Xmit
            00006682    _COEFF
            0000669a    __ftable
            00006712    __tmpnams
            000067b2    __ft_end
            000068fc    _i2c_timeout
            000068fe    _endPoint
            000068ff    _scroll
            00006900    _i
            00006902    __lock
            00006904    __unlock
            00006906    __cleanup_ptr
            00006908    __dtors_ptr
            0000690a    __sys_memory
            0000790a    __ctypes_
00021356                __printfi
00021598                _wait
000215cc                _waitusec
000215de                _system_init
000216e1                _I2C_init
00021700                _I2C_close
00021709                _I2C_reset
00021717                _I2C_write
000217a2                _I2C_read
00021827                _GPIO_init
0002182b                _GPIO_setDirection
000218a8                _GPIO_setOutput
00021925                _GPIO_getInput
0002197d                _screen_init
00021ad8                _message1
00021b34                _message2
00021b90                _printChar
00021f75                _printLetter
00021fb0                _OSD9616_send
00021fcf                _OSD9616_multiSend
00022011                _I2S_init
00022029                _TLV320AIC3204_set
0002204a                _TLV320AIC3204_init
000221d5                _write
00022317                _unlink
0002234a                _rename
000223a3                _remove_device
000223d9                _read
00022487                _open
00022546                _lseek
000225ac                _find_registered_device
000225b5                _close
00022628                _add_device
00022718                _getenv
00022793                _HOSTwrite
00022820                _HOSTunlink
0002288a                _HOSTtime
000228e8                _HOSTrename
00022996                _HOSTread
00022a23                _HOSTopen
00022ac2                _HOSTlseek
00022b77                _HOSTclose
00022be2                _HOSTclock
00022c40                _free
00022d0c                _minit
00022d71                _malloc
00022e66                _realloc
00023017                _max_free
00023071                _free_memory
000230c7                _chkheap
000230cf                _calloc
00023117                __divd
00023582                __cleanup
000235dc                _freopen
000236a5                _fopen
000236e0                __remull
0002372e                __remlli
0002375d                __mpylli
00023815                __divull
00023909                __divlli
0002393e                __addd
00023b97                _playback
00023c42                _init_array
00023d23                _main
00023d3c                _initialize
00023dab                __neqd
00023ddf                __lssd
00023e27                __leqd
00023e74                __gtrd
00023ebf                __geqd
00023f09                __eqld
00023f3d                __cmpd
00023f95                _fputs
000240ca                _puts
000240f8                __mpyd
00024244                _initArray2
00024273                _FIR2
0002429e                _downFunc2
0002432b                _setvbuf
00024411                __wrt_ok
00024491                __rd_ok
00024574                _upFunc2
000245c9                __frcmpyd_div
00024691                __doflush
000246fa                _fflush
00024753                _initArray1
0002477a                _FIR1
000247a5                _downFunc1
00024813                _writemsg
000248c8                C$$IO$$
0002494b                _upFunc1
00024981                _fputc
00024981                _putc
00024a18                _putchar
00024a27                __divul
00024ac8                _ltoa
00024b45                _fclose
00024bc0                __frcmpyd
00024c36                __remul
00024ca8                __fixdli
00024d17                _readmsg
00024d84                _fseek
00024def                __fltlid
00024e66                _delayB2
00024eb5                _atoi
00024f11                _printf
00024f61                _auto_init
00024fae                __args_main
00024ff9                __remli
00025044                __divli
0002508c                _memcpy
000250cb                _exit
00025111                _delayB1
00025141                _c_int00
00025175                __fixdi
0002519f                I$$UDIV
0002519f                __divu
000251b4                I$$UMOD
000251b4                __remu
000251c9                _memccpy
000251ec                ___isinf
00025208                __subd
0002521c                I$$LMPY
0002521c                __mpyli
0002522f                __register_unlock
00025237                __register_lock
0002523f                __nop
00025241                __negd
00025251                _remove
0002525b                _abort
0002525c                C$$EXIT
            00020000    __CIOBUF_
            00020120    ___cinit__
            00020120    cinit
00ffff00                _Reset
ffffffff                .bss
ffffffff                .data
ffffffff                .text
ffffffff                ___binit__
ffffffff                ___bss__
ffffffff                ___c_args__
ffffffff                ___data__
ffffffff                ___edata__
ffffffff                ___end__
ffffffff                ___etext__
ffffffff                ___pinit__
ffffffff                ___text__
ffffffff                binit
ffffffff                edata
ffffffff                end
ffffffff                etext
ffffffff                pinit

[178 symbols]
