******************************************************************************
              TMS320C55x Linker PC v4.3.9                      
******************************************************************************
>> Linked Fri Apr 22 15:36:43 2016

OUTPUT FILE NAME:   <System2.out>
ENTRY POINT SYMBOL: "_c_int00"  address: 00024fd5


MEMORY CONFIGURATION

         name            origin    length      used     unused   attr    fill
                        (bytes)   (bytes)    (bytes)   (bytes)
----------------------  --------  ---------  --------  --------  ----  --------
PAGE 0:
  MMR                   00000000   000000c0  00000000  000000c0  RWIX
  DARAM0                000000c0   0000ff40  0000a5f0  00005950  RWIX
  SARAM0                00010000   00010000  00000000  00010000  RWIX
  SARAM1                00020000   00020000  000050f9  0001af07  RWIX
  SARAM2                00040000   00010000  00000422  0000fbde  RWIX
  PDROM                 00ff8000   00008000  00000100  00007f00  R IX

PAGE 2:
  IOPORT                00000000   00020000  00000000  00020000  RWI 


SECTION ALLOCATION MAP
(Addresses surrounded by []'s are displayed for convenience only!)

output                                                          attributes/
section   page  orgn(bytes) orgn(words) len(bytes) len(words)   input sections
--------  ----  ----------- ----------- ---------- ----------   --------------
.pinit       0   [ 00040000 ]  00020000          *   00000000   UNINITIALIZED

.stack       0   [ 000000c0 ]  00000060          *   00001000   UNINITIALIZED
                 [ 000000c0 ]  00000060          *   00001000   --HOLE--

.data        0   [ 000000c0 ]  00000060          *   00000000   UNINITIALIZED

.sysstack 
*            0   [ 000020c0 ]  00001060          *   00000800   UNINITIALIZED
                 [ 000020c0 ]  00001060          *   00000800   --HOLE--

.bss.1       0   [ 000030c0 ]  00001860          *   00002913   UNINITIALIZED
                 [ 000030c0 ]  00001860          *   00002729   main.obj (.bss)
                 [ 00007f12 ]  00003f89          *   00000001   rts55x.lib : fopen.obj (.bss)
                 [ 00007f14 ]  00003f8a          *   00000119              : defs.obj (.bss)
                 [ 00008146 ]  000040a3          *   000000d0              : trgdrv.obj (.bss)

.bss.2       0   [ 000082e8 ]  00004174          *   00000071   UNINITIALIZED
                 [ 000082e8 ]  00004174          *   00000071   rts55x.lib : lowlev.obj (.bss)

.bss.3       0   [ 000083cc ]  000041e6          *   0000000b   UNINITIALIZED
                 [ 000083cc ]  000041e6          *   00000006   rts55x.lib : memory.obj (.bss)
                 [ 000083d8 ]  000041ec          *   00000005   ezdsp_setup.obj (.bss)

.bss.4       0   [ 000083e4 ]  000041f2          *   00000008   UNINITIALIZED
                 [ 000083e4 ]  000041f2          *   00000004   rts55x.lib : _lock.obj (.bss)
                 [ 000083ec ]  000041f6          *   00000004              : exit.obj (.bss)

.sysmem      0   [ 000083f4 ]  000041fa          *   00001000   UNINITIALIZED
                 [ 000083f4 ]  000041fa          *   00001000   --HOLE--

.const.1     0   [ 0000a3f4 ]  000051fa          *   00000101   
                 [ 0000a3f4 ]  000051fa          *   00000101   rts55x.lib : ctype.obj (.const:__ctypes_)

.const.2     0   [ 0000a5f8 ]  000052fc          *   0000003b   
                 [ 0000a5f8 ]  000052fc          *   00000024   rts55x.lib : _printfi.obj (.const:.string)
                 [ 0000a640 ]  00005320          *   00000017   main.obj (.const:.string)

.const.3     0   [ 0000a670 ]  00005338          *   0000001f   
                 [ 0000a670 ]  00005338          *   0000000c   rts55x.lib : _printfi.obj (.const)
                 [ 0000a688 ]  00005344          *   00000008              : divd.obj (.const:_initial_approx$1)
                 [ 0000a698 ]  0000534c          *   00000006   ezdsp_setup.obj (.const:_$P$T0$1)
                 [ 0000a6a4 ]  00005352          *   00000005   ezdsp_setup.obj (.const:_$P$T1$2)

.const.4     0   [ 0000a6b0 ]  00005358          *   00000006   
                 [ 0000a6b0 ]  00005358          *   00000002   rts55x.lib : fputs.obj (.const:.string)
                 [ 0000a6b4 ]  0000535a          *   00000002              : divd.obj (.const)
                 [ 0000a6b8 ]  0000535c          *   00000002              : fltlid.obj (.const)

.text        0     00020000  [ 00010000 ] 000050f9          *   
                   00020000  [ 00010000 ] 00001598          *   rts55x.lib : _printfi.obj (.text)
                   00021598  [ 00010acc ] 00000c3d          *   ezdsp_setup.obj (.text)
                   000221d5  [ 000110ea+] 00000543          *   rts55x.lib : lowlev.obj (.text)
                   00022718  [ 0001138c ] 00000528          *              : trgdrv.obj (.text)
                   00022c40  [ 00011620 ] 000004b5          *              : memory.obj (.text)
                   000230f5  [ 0001187a+] 0000036c          *              : divd.obj (.text)
                   00023461  [ 00011a30+] 0000027f          *              : fopen.obj (.text)
                   000236e0  [ 00011b70 ] 0000025e          *              : llmpy.obj (.text)
                   0002393e  [ 00011c9f ] 00000259          *              : addd.obj (.text)
                   00023b97  [ 00011dcb+] 0000020e          *   main.obj (.text)
                   00023da5  [ 00011ed2+] 000001ea          *   rts55x.lib : cmpd.obj (.text)
                   00023f8f  [ 00011fc7+] 00000163          *              : fputs.obj (.text)
                   000240f2  [ 00012079 ] 0000014c          *              : mpyd.obj (.text)
                   0002423e  [ 0001211f ] 000000e6          *              : setvbuf.obj (.text)
                   00024324  [ 00012192 ] 000000dd          *              : _io_perm.obj (.text)
                   00024401  [ 00012200+] 000000c8          *              : frcmpyd_div.obj (.text)
                   000244c9  [ 00012264+] 000000c2          *              : fflush.obj (.text)
                   0002458b  [ 000122c5+] 000000c0          *   mainDown1.obj (.text)
                   0002464b  [ 00012325+] 000000c0          *   mainDown2.obj (.text)
                   0002470b  [ 00012385+] 000000ba          *   rts55x.lib : trgmsg.obj (.text:CIO_breakpoint)
                   000247c5  [ 000123e2+] 000000af          *   mainUp1v2.obj (.text)
                   00024874  [ 0001243a ] 000000a6          *   rts55x.lib : fputc.obj (.text)
                   0002491a  [ 0001248d ] 000000a1          *              : divul.obj (.text)
                   000249bb  [ 000124dd+] 0000007d          *              : ltoa.obj (.text)
                   00024a38  [ 0001251c ] 0000007b          *              : fclose.obj (.text)
                   00024ab3  [ 00012559+] 00000076          *              : frcmpyd.obj (.text)
                   00024b29  [ 00012594+] 00000072          *              : remul.obj (.text)
                   00024b9b  [ 000125cd+] 0000006f          *              : fixdli.obj (.text)
                   00024c0a  [ 00012605 ] 0000006d          *              : trgmsg.obj (.text)
                   00024c77  [ 0001263b+] 0000006b          *              : fseek.obj (.text)
                   00024ce2  [ 00012671 ] 00000067          *              : fltlid.obj (.text)
                   00024d49  [ 000126a4+] 0000005c          *              : atoi.obj (.text)
                   00024da5  [ 000126d2+] 00000050          *              : printf.obj (.text)
                   00024df5  [ 000126fa+] 0000004d          *              : autoinit.obj (.text)
                   00024e42  [ 00012721 ] 0000004b          *              : args_main.obj (.text)
                   00024e8d  [ 00012746+] 0000004b          *              : remli.obj (.text)
                   00024ed8  [ 0001276c ] 00000048          *              : divli.obj (.text)
                   00024f20  [ 00012790 ] 0000003f          *              : memcpy.obj (.text)
                   00024f5f  [ 000127af+] 0000003e          *              : exit.obj (.text)
                   00024f9d  [ 000127ce+] 00000038          *   delay1.obj (.text)
                   00024fd5  [ 000127ea+] 00000034          *   rts55x.lib : boot.obj (.text)
                   00025009  [ 00012804+] 0000002a          *              : fixdi.obj (.text)
                   00025033  [ 00012819+] 0000002a          *              : udiv.obj (.text)
                   0002505d  [ 0001282e+] 00000023          *              : memccpy.obj (.text)
                   00025080  [ 00012840 ] 0000001c          *              : isinf.obj (.text)
                   0002509c  [ 0001284e ] 00000014          *              : subd.obj (.text)
                   000250b0  [ 00012858 ] 00000013          *              : lmpy.obj (.text)
                   000250c3  [ 00012861+] 00000012          *              : _lock.obj (.text)
                   000250d5  [ 0001286a+] 00000010          *              : negd.obj (.text)
                   000250e5  [ 00012872+] 0000000a          *              : remove.obj (.text)
                   000250ef  [ 00012877+] 00000007          *              : exit.obj (.text:CIO_breakpoint)
                   000250f6  [ 0001287b ] 00000002          *              : vectors.obj (.text)
                   000250f8  [ 0001287c ] 00000001          *   --HOLE-- [fill = 20]

.cio         0   [ 00040000 ]  00020000          *   00000120   UNINITIALIZED
                 [ 00040000 ]  00020000          *   00000120   rts55x.lib : trgmsg.obj (.cio)

.cinit       0   [ 00040240 ]  00020120          *   0000009b   
                 [ 00040240 ]  00020120          *   0000002d   rts55x.lib : lowlev.obj (.cinit)
                 [ 0004029a ]  0002014d          *   0000002a              : defs.obj (.cinit)
                 [ 000402ee ]  00020177          *   0000001a   main.obj (.cinit)
                 [ 00040322 ]  00020191          *   0000000d   ezdsp_setup.obj (.cinit)
                 [ 0004033c ]  0002019e          *   0000000a   rts55x.lib : _lock.obj (.cinit)
                 [ 00040350 ]  000201a8          *   0000000a              : exit.obj (.cinit)
                 [ 00040364 ]  000201b2          *   00000004              : fopen.obj (.cinit)
                 [ 0004036c ]  000201b6          *   00000004              : memory.obj (.cinit)
                 [ 00040374 ]  000201ba          *   00000001   --HOLE-- [fill = 0]

.switch      0   [ 00040378 ]  000201bc          *   00000056   
                 [ 00040378 ]  000201bc          *   00000056   ezdsp_setup.obj (.switch)

vectors      0     00ffff00  [ 007fff80 ] 00000100          *   
                   00ffff00  [ 007fff80 ] 00000100          *   rts55x.lib : vectors.obj (vectors)


GLOBAL SYMBOLS: SORTED ALPHABETICALLY BY Name 

abs. value/
byte addr   word addr   name
---------   ---------   ----
00000002                $TI_capability$C5500$CallingConvention
00000002                $TI_capability$C5500$MemoryModel
00000001                $TI_capability_requires_rev3
ffffffff                .bss
ffffffff                .data
ffffffff                .text
000250f0                C$$EXIT
000247c0                C$$IO$$
000250b0                I$$LMPY
00025033                I$$UDIV
00025048                I$$UMOD
            00003f72    _COEFF
000245b2                _FIR1
00024672                _FIR2
00021925                _GPIO_getInput
00021827                _GPIO_init
0002182b                _GPIO_setDirection
000218a8                _GPIO_setOutput
00022be2                _HOSTclock
00022b77                _HOSTclose
00022ac2                _HOSTlseek
00022a23                _HOSTopen
00022996                _HOSTread
000228e8                _HOSTrename
0002288a                _HOSTtime
00022820                _HOSTunlink
00022793                _HOSTwrite
00021700                _I2C_close
000216e1                _I2C_init
000217a2                _I2C_read
00021709                _I2C_reset
00021717                _I2C_write
00022011                _I2S_init
00021fcf                _OSD9616_multiSend
00021fb0                _OSD9616_send
            00003f70    _Rcv
00ffff00                _Reset
0002204a                _TLV320AIC3204_init
00022029                _TLV320AIC3204_set
            00003f71    _Xmit
            00020000    __CIOBUF_
            00001060    __STACK_END
00002000                __STACK_SIZE
00002000                __SYSMEM_SIZE
00001000                __SYSSTACK_SIZE
ffffffff                ___binit__
ffffffff                ___bss__
ffffffff                ___c_args__
            00020120    ___cinit__
ffffffff                ___data__
ffffffff                ___edata__
ffffffff                ___end__
ffffffff                ___etext__
00025080                ___isinf
ffffffff                ___pinit__
ffffffff                ___text__
0002393e                __addd
00024e42                __args_main
00023582                __cleanup
            000041f6    __cleanup_ptr
00023f37                __cmpd
            000051fa    __ctypes_
00023117                __divd
00024ed8                __divli
00023909                __divlli
00025033                __divu
0002491a                __divul
00023815                __divull
000244c9                __doflush
            000041f8    __dtors_ptr
00023f03                __eqld
00025009                __fixdi
00024b9b                __fixdli
00024ce2                __fltlid
00024ab3                __frcmpyd
00024401                __frcmpyd_div
            000040a2    __ft_end
            00003f8a    __ftable
00023eb9                __geqd
00023e6e                __gtrd
00023e21                __leqd
            000041f2    __lock
00023dd9                __lssd
000240f2                __mpyd
000250b0                __mpyli
0002375d                __mpylli
000250d5                __negd
00023da5                __neqd
000250d3                __nop
00021356                __printfi
000243a4                __rd_ok
000250cb                __register_lock
000250c3                __register_unlock
00024e8d                __remli
0002372e                __remlli
00025048                __remu
00024b29                __remul
000236e0                __remull
            00000060    __stack
0002509c                __subd
            000041fa    __sys_memory
            00001060    __sysstack
            00004002    __tmpnams
            000041f4    __unlock
00024324                __wrt_ok
000250ef                _abort
00022628                _add_device
            00001860    _array
00024d49                _atoi
00024df5                _auto_init
00024fd5                _c_int00
000230cf                _calloc
000230c7                _chkheap
000225b5                _close
00024fa5                _delayB1
000245dd                _downFunc1
0002469d                _downFunc2
            000041ee    _endPoint
00024f5f                _exit
00024a38                _fclose
00024532                _fflush
000225ac                _find_registered_device
000236a5                _fopen
00024874                _fputc
00023f8f                _fputs
00022c40                _free
00023071                _free_memory
000235dc                _freopen
00024c77                _fseek
00022718                _getenv
            000041f0    _i
            000041ec    _i2c_timeout
0002458b                _initArray1
0002464b                _initArray2
00023c3c                _init_array
00023d36                _initialize
00022546                _lseek
000249bb                _ltoa
00023d1d                _main
00022d71                _malloc
00023017                _max_free
0002505d                _memccpy
00024f20                _memcpy
00021ad8                _message1
00021b34                _message2
00022d0c                _minit
00022487                _open
00023b97                _playback
00021b90                _printChar
00021f75                _printLetter
00024da5                _printf
00024874                _putc
0002490b                _putchar
000240c4                _puts
000223d9                _read
00024c0a                _readmsg
00022e66                _realloc
000250e5                _remove
000223a3                _remove_device
0002234a                _rename
0002197d                _screen_init
            000041ef    _scroll
0002423e                _setvbuf
000215de                _system_init
00022317                _unlink
00024845                _upFunc1
00021598                _wait
000215cc                _waitusec
000221d5                _write
0002470b                _writemsg
ffffffff                binit
            00020120    cinit
ffffffff                edata
ffffffff                end
ffffffff                etext
ffffffff                pinit


GLOBAL SYMBOLS: SORTED BY Symbol Address 

abs. value/
byte addr   word addr   name
---------   ---------   ----
00000001                $TI_capability_requires_rev3
00000002                $TI_capability$C5500$CallingConvention
00000002                $TI_capability$C5500$MemoryModel
            00000060    __stack
00001000                __SYSSTACK_SIZE
00002000                __STACK_SIZE
00002000                __SYSMEM_SIZE
            00001060    __STACK_END
            00001060    __sysstack
            00001860    _array
            00003f70    _Rcv
            00003f71    _Xmit
            00003f72    _COEFF
            00003f8a    __ftable
            00004002    __tmpnams
            000040a2    __ft_end
            000041ec    _i2c_timeout
            000041ee    _endPoint
            000041ef    _scroll
            000041f0    _i
            000041f2    __lock
            000041f4    __unlock
            000041f6    __cleanup_ptr
            000041f8    __dtors_ptr
            000041fa    __sys_memory
            000051fa    __ctypes_
00021356                __printfi
00021598                _wait
000215cc                _waitusec
000215de                _system_init
000216e1                _I2C_init
00021700                _I2C_close
00021709                _I2C_reset
00021717                _I2C_write
000217a2                _I2C_read
00021827                _GPIO_init
0002182b                _GPIO_setDirection
000218a8                _GPIO_setOutput
00021925                _GPIO_getInput
0002197d                _screen_init
00021ad8                _message1
00021b34                _message2
00021b90                _printChar
00021f75                _printLetter
00021fb0                _OSD9616_send
00021fcf                _OSD9616_multiSend
00022011                _I2S_init
00022029                _TLV320AIC3204_set
0002204a                _TLV320AIC3204_init
000221d5                _write
00022317                _unlink
0002234a                _rename
000223a3                _remove_device
000223d9                _read
00022487                _open
00022546                _lseek
000225ac                _find_registered_device
000225b5                _close
00022628                _add_device
00022718                _getenv
00022793                _HOSTwrite
00022820                _HOSTunlink
0002288a                _HOSTtime
000228e8                _HOSTrename
00022996                _HOSTread
00022a23                _HOSTopen
00022ac2                _HOSTlseek
00022b77                _HOSTclose
00022be2                _HOSTclock
00022c40                _free
00022d0c                _minit
00022d71                _malloc
00022e66                _realloc
00023017                _max_free
00023071                _free_memory
000230c7                _chkheap
000230cf                _calloc
00023117                __divd
00023582                __cleanup
000235dc                _freopen
000236a5                _fopen
000236e0                __remull
0002372e                __remlli
0002375d                __mpylli
00023815                __divull
00023909                __divlli
0002393e                __addd
00023b97                _playback
00023c3c                _init_array
00023d1d                _main
00023d36                _initialize
00023da5                __neqd
00023dd9                __lssd
00023e21                __leqd
00023e6e                __gtrd
00023eb9                __geqd
00023f03                __eqld
00023f37                __cmpd
00023f8f                _fputs
000240c4                _puts
000240f2                __mpyd
0002423e                _setvbuf
00024324                __wrt_ok
000243a4                __rd_ok
00024401                __frcmpyd_div
000244c9                __doflush
00024532                _fflush
0002458b                _initArray1
000245b2                _FIR1
000245dd                _downFunc1
0002464b                _initArray2
00024672                _FIR2
0002469d                _downFunc2
0002470b                _writemsg
000247c0                C$$IO$$
00024845                _upFunc1
00024874                _fputc
00024874                _putc
0002490b                _putchar
0002491a                __divul
000249bb                _ltoa
00024a38                _fclose
00024ab3                __frcmpyd
00024b29                __remul
00024b9b                __fixdli
00024c0a                _readmsg
00024c77                _fseek
00024ce2                __fltlid
00024d49                _atoi
00024da5                _printf
00024df5                _auto_init
00024e42                __args_main
00024e8d                __remli
00024ed8                __divli
00024f20                _memcpy
00024f5f                _exit
00024fa5                _delayB1
00024fd5                _c_int00
00025009                __fixdi
00025033                I$$UDIV
00025033                __divu
00025048                I$$UMOD
00025048                __remu
0002505d                _memccpy
00025080                ___isinf
0002509c                __subd
000250b0                I$$LMPY
000250b0                __mpyli
000250c3                __register_unlock
000250cb                __register_lock
000250d3                __nop
000250d5                __negd
000250e5                _remove
000250ef                _abort
000250f0                C$$EXIT
            00020000    __CIOBUF_
            00020120    ___cinit__
            00020120    cinit
00ffff00                _Reset
ffffffff                .bss
ffffffff                .data
ffffffff                .text
ffffffff                ___binit__
ffffffff                ___bss__
ffffffff                ___c_args__
ffffffff                ___data__
ffffffff                ___edata__
ffffffff                ___end__
ffffffff                ___etext__
ffffffff                ___pinit__
ffffffff                ___text__
ffffffff                binit
ffffffff                edata
ffffffff                end
ffffffff                etext
ffffffff                pinit

[176 symbols]
