******************************************************************************
              TMS320C55x Linker PC v4.3.9                      
******************************************************************************
>> Linked Fri Apr 22 10:20:20 2016

OUTPUT FILE NAME:   <System2.out>
ENTRY POINT SYMBOL: "_c_int00"  address: 00024d91


MEMORY CONFIGURATION

         name            origin    length      used     unused   attr    fill
                        (bytes)   (bytes)    (bytes)   (bytes)
----------------------  --------  ---------  --------  --------  ----  --------
PAGE 0:
  MMR                   00000000   000000c0  00000000  000000c0  RWIX
  DARAM0                000000c0   0000ff40  0000a5f0  00005950  RWIX
  SARAM0                00010000   00010000  00000000  00010000  RWIX
  SARAM1                00020000   00020000  00004eb5  0001b14b  RWIX
  SARAM2                00040000   00010000  00000422  0000fbde  RWIX
  PDROM                 00ff8000   00008000  00000100  00007f00  R IX

PAGE 2:
  IOPORT                00000000   00020000  00000000  00020000  RWI 


SECTION ALLOCATION MAP
(Addresses surrounded by []'s are displayed for convenience only!)

output                                                          attributes/
section   page  orgn(bytes) orgn(words) len(bytes) len(words)   input sections
--------  ----  ----------- ----------- ---------- ----------   --------------
.pinit       0   [ 00040000 ]  00020000          *   00000000   UNINITIALIZED

.stack       0   [ 000000c0 ]  00000060          *   00001000   UNINITIALIZED
                 [ 000000c0 ]  00000060          *   00001000   --HOLE--

.data        0   [ 000000c0 ]  00000060          *   00000000   UNINITIALIZED

.sysstack 
*            0   [ 000020c0 ]  00001060          *   00000800   UNINITIALIZED
                 [ 000020c0 ]  00001060          *   00000800   --HOLE--

.bss.1       0   [ 000030c0 ]  00001860          *   00002913   UNINITIALIZED
                 [ 000030c0 ]  00001860          *   00002729   main.obj (.bss)
                 [ 00007f12 ]  00003f89          *   00000001   rts55x.lib : fopen.obj (.bss)
                 [ 00007f14 ]  00003f8a          *   00000119              : defs.obj (.bss)
                 [ 00008146 ]  000040a3          *   000000d0              : trgdrv.obj (.bss)

.bss.2       0   [ 000082e8 ]  00004174          *   00000071   UNINITIALIZED
                 [ 000082e8 ]  00004174          *   00000071   rts55x.lib : lowlev.obj (.bss)

.bss.3       0   [ 000083cc ]  000041e6          *   0000000b   UNINITIALIZED
                 [ 000083cc ]  000041e6          *   00000006   rts55x.lib : memory.obj (.bss)
                 [ 000083d8 ]  000041ec          *   00000005   ezdsp_setup.obj (.bss)

.bss.4       0   [ 000083e4 ]  000041f2          *   00000008   UNINITIALIZED
                 [ 000083e4 ]  000041f2          *   00000004   rts55x.lib : _lock.obj (.bss)
                 [ 000083ec ]  000041f6          *   00000004              : exit.obj (.bss)

.sysmem      0   [ 000083f4 ]  000041fa          *   00001000   UNINITIALIZED
                 [ 000083f4 ]  000041fa          *   00001000   --HOLE--

.const.1     0   [ 0000a3f4 ]  000051fa          *   00000101   
                 [ 0000a3f4 ]  000051fa          *   00000101   rts55x.lib : ctype.obj (.const:__ctypes_)

.const.2     0   [ 0000a5f8 ]  000052fc          *   0000003b   
                 [ 0000a5f8 ]  000052fc          *   00000024   rts55x.lib : _printfi.obj (.const:.string)
                 [ 0000a640 ]  00005320          *   00000017   main.obj (.const:.string)

.const.3     0   [ 0000a670 ]  00005338          *   0000001f   
                 [ 0000a670 ]  00005338          *   0000000c   rts55x.lib : _printfi.obj (.const)
                 [ 0000a688 ]  00005344          *   00000008              : divd.obj (.const:_initial_approx$1)
                 [ 0000a698 ]  0000534c          *   00000006   ezdsp_setup.obj (.const:_$P$T0$1)
                 [ 0000a6a4 ]  00005352          *   00000005   ezdsp_setup.obj (.const:_$P$T1$2)

.const.4     0   [ 0000a6b0 ]  00005358          *   00000006   
                 [ 0000a6b0 ]  00005358          *   00000002   rts55x.lib : fputs.obj (.const:.string)
                 [ 0000a6b4 ]  0000535a          *   00000002              : divd.obj (.const)
                 [ 0000a6b8 ]  0000535c          *   00000002              : fltlid.obj (.const)

.text        0     00020000  [ 00010000 ] 00004eb5          *   
                   00020000  [ 00010000 ] 00001598          *   rts55x.lib : _printfi.obj (.text)
                   00021598  [ 00010acc ] 00000c3d          *   ezdsp_setup.obj (.text)
                   000221d5  [ 000110ea+] 00000543          *   rts55x.lib : lowlev.obj (.text)
                   00022718  [ 0001138c ] 00000528          *              : trgdrv.obj (.text)
                   00022c40  [ 00011620 ] 000004b5          *              : memory.obj (.text)
                   000230f5  [ 0001187a+] 0000036c          *              : divd.obj (.text)
                   00023461  [ 00011a30+] 0000027f          *              : fopen.obj (.text)
                   000236e0  [ 00011b70 ] 0000025e          *              : llmpy.obj (.text)
                   0002393e  [ 00011c9f ] 00000259          *              : addd.obj (.text)
                   00023b97  [ 00011dcb+] 000001ea          *              : cmpd.obj (.text)
                   00023d81  [ 00011ec0+] 00000171          *   main.obj (.text)
                   00023ef2  [ 00011f79 ] 00000163          *   rts55x.lib : fputs.obj (.text)
                   00024055  [ 0001202a+] 0000014c          *              : mpyd.obj (.text)
                   000241a1  [ 000120d0+] 000000e6          *              : setvbuf.obj (.text)
                   00024287  [ 00012143+] 000000dd          *              : _io_perm.obj (.text)
                   00024364  [ 000121b2 ] 000000c8          *              : frcmpyd_div.obj (.text)
                   0002442c  [ 00012216 ] 000000c2          *              : fflush.obj (.text)
                   000244ee  [ 00012277 ] 000000c0          *   FIR.obj (.text)
                   000245ae  [ 000122d7 ] 000000ba          *   rts55x.lib : trgmsg.obj (.text:CIO_breakpoint)
                   00024668  [ 00012334 ] 000000a6          *              : fputc.obj (.text)
                   0002470e  [ 00012387 ] 000000a1          *              : divul.obj (.text)
                   000247af  [ 000123d7+] 0000007d          *              : ltoa.obj (.text)
                   0002482c  [ 00012416 ] 0000007b          *              : fclose.obj (.text)
                   000248a7  [ 00012453+] 00000076          *              : frcmpyd.obj (.text)
                   0002491d  [ 0001248e+] 00000072          *              : remul.obj (.text)
                   0002498f  [ 000124c7+] 0000006f          *              : fixdli.obj (.text)
                   000249fe  [ 000124ff ] 0000006d          *              : trgmsg.obj (.text)
                   00024a6b  [ 00012535+] 0000006b          *              : fseek.obj (.text)
                   00024ad6  [ 0001256b ] 00000067          *              : fltlid.obj (.text)
                   00024b3d  [ 0001259e+] 0000005c          *              : atoi.obj (.text)
                   00024b99  [ 000125cc+] 00000050          *              : printf.obj (.text)
                   00024be9  [ 000125f4+] 0000004d          *              : autoinit.obj (.text)
                   00024c36  [ 0001261b ] 0000004b          *              : args_main.obj (.text)
                   00024c81  [ 00012640+] 0000004b          *              : remli.obj (.text)
                   00024ccc  [ 00012666 ] 00000048          *              : divli.obj (.text)
                   00024d14  [ 0001268a ] 0000003f          *              : memcpy.obj (.text)
                   00024d53  [ 000126a9+] 0000003e          *              : exit.obj (.text)
                   00024d91  [ 000126c8+] 00000034          *              : boot.obj (.text)
                   00024dc5  [ 000126e2+] 0000002a          *              : fixdi.obj (.text)
                   00024def  [ 000126f7+] 0000002a          *              : udiv.obj (.text)
                   00024e19  [ 0001270c+] 00000023          *              : memccpy.obj (.text)
                   00024e3c  [ 0001271e ] 0000001c          *              : isinf.obj (.text)
                   00024e58  [ 0001272c ] 00000014          *              : subd.obj (.text)
                   00024e6c  [ 00012736 ] 00000013          *              : lmpy.obj (.text)
                   00024e7f  [ 0001273f+] 00000012          *              : _lock.obj (.text)
                   00024e91  [ 00012748+] 00000010          *              : negd.obj (.text)
                   00024ea1  [ 00012750+] 0000000a          *              : remove.obj (.text)
                   00024eab  [ 00012755+] 00000007          *              : exit.obj (.text:CIO_breakpoint)
                   00024eb2  [ 00012759 ] 00000002          *              : vectors.obj (.text)
                   00024eb4  [ 0001275a ] 00000001          *   --HOLE-- [fill = 20]

.cio         0   [ 00040000 ]  00020000          *   00000120   UNINITIALIZED
                 [ 00040000 ]  00020000          *   00000120   rts55x.lib : trgmsg.obj (.cio)

.cinit       0   [ 00040240 ]  00020120          *   0000009b   
                 [ 00040240 ]  00020120          *   0000002d   rts55x.lib : lowlev.obj (.cinit)
                 [ 0004029a ]  0002014d          *   0000002a              : defs.obj (.cinit)
                 [ 000402ee ]  00020177          *   0000001a   main.obj (.cinit)
                 [ 00040322 ]  00020191          *   0000000d   ezdsp_setup.obj (.cinit)
                 [ 0004033c ]  0002019e          *   0000000a   rts55x.lib : _lock.obj (.cinit)
                 [ 00040350 ]  000201a8          *   0000000a              : exit.obj (.cinit)
                 [ 00040364 ]  000201b2          *   00000004              : fopen.obj (.cinit)
                 [ 0004036c ]  000201b6          *   00000004              : memory.obj (.cinit)
                 [ 00040374 ]  000201ba          *   00000001   --HOLE-- [fill = 0]

.switch      0   [ 00040378 ]  000201bc          *   00000056   
                 [ 00040378 ]  000201bc          *   00000056   ezdsp_setup.obj (.switch)

vectors      0     00ffff00  [ 007fff80 ] 00000100          *   
                   00ffff00  [ 007fff80 ] 00000100          *   rts55x.lib : vectors.obj (vectors)


GLOBAL SYMBOLS: SORTED ALPHABETICALLY BY Name 

abs. value/
byte addr   word addr   name
---------   ---------   ----
00000002                $TI_capability$C5500$CallingConvention
00000002                $TI_capability$C5500$MemoryModel
00000001                $TI_capability_requires_rev3
ffffffff                .bss
ffffffff                .data
ffffffff                .text
00024eac                C$$EXIT
00024663                C$$IO$$
00024e6c                I$$LMPY
00024def                I$$UDIV
00024e04                I$$UMOD
            00003f72    _COEFF
000244f6                _FIR
00021925                _GPIO_getInput
00021827                _GPIO_init
0002182b                _GPIO_setDirection
000218a8                _GPIO_setOutput
00022be2                _HOSTclock
00022b77                _HOSTclose
00022ac2                _HOSTlseek
00022a23                _HOSTopen
00022996                _HOSTread
000228e8                _HOSTrename
0002288a                _HOSTtime
00022820                _HOSTunlink
00022793                _HOSTwrite
00021700                _I2C_close
000216e1                _I2C_init
000217a2                _I2C_read
00021709                _I2C_reset
00021717                _I2C_write
00022011                _I2S_init
00021fcf                _OSD9616_multiSend
00021fb0                _OSD9616_send
            00003f70    _Rcv
00ffff00                _Reset
0002204a                _TLV320AIC3204_init
00022029                _TLV320AIC3204_set
            00003f71    _Xmit
            00020000    __CIOBUF_
            00001060    __STACK_END
00002000                __STACK_SIZE
00002000                __SYSMEM_SIZE
00001000                __SYSSTACK_SIZE
ffffffff                ___binit__
ffffffff                ___bss__
ffffffff                ___c_args__
            00020120    ___cinit__
ffffffff                ___data__
ffffffff                ___edata__
ffffffff                ___end__
ffffffff                ___etext__
00024e3c                ___isinf
ffffffff                ___pinit__
ffffffff                ___text__
0002393e                __addd
00024c36                __args_main
00023582                __cleanup
            000041f6    __cleanup_ptr
00023d29                __cmpd
            000051fa    __ctypes_
00023117                __divd
00024ccc                __divli
00023909                __divlli
00024def                __divu
0002470e                __divul
00023815                __divull
0002442c                __doflush
            000041f8    __dtors_ptr
00023cf5                __eqld
00024dc5                __fixdi
0002498f                __fixdli
00024ad6                __fltlid
000248a7                __frcmpyd
00024364                __frcmpyd_div
            000040a2    __ft_end
            00003f8a    __ftable
00023cab                __geqd
00023c60                __gtrd
00023c13                __leqd
            000041f2    __lock
00023bcb                __lssd
00024055                __mpyd
00024e6c                __mpyli
0002375d                __mpylli
00024e91                __negd
00023b97                __neqd
00024e8f                __nop
00021356                __printfi
00024307                __rd_ok
00024e87                __register_lock
00024e7f                __register_unlock
00024c81                __remli
0002372e                __remlli
00024e04                __remu
0002491d                __remul
000236e0                __remull
            00000060    __stack
00024e58                __subd
            000041fa    __sys_memory
            00001060    __sysstack
            00004002    __tmpnams
            000041f4    __unlock
00024287                __wrt_ok
00024eab                _abort
00022628                _add_device
            00001860    _array
00024b3d                _atoi
00024be9                _auto_init
00024d91                _c_int00
000230cf                _calloc
000230c7                _chkheap
000225b5                _close
00024540                _downFunc
            000041ee    _endPoint
00024d53                _exit
0002482c                _fclose
00024495                _fflush
000225ac                _find_registered_device
000236a5                _fopen
00024668                _fputc
00023ef2                _fputs
00022c40                _free
00023071                _free_memory
000235dc                _freopen
00024a6b                _fseek
00022718                _getenv
            000041f0    _i
            000041ec    _i2c_timeout
000244ee                _initArray
00023de8                _init_array
00023e83                _initialize
00022546                _lseek
000247af                _ltoa
00023e62                _main
00022d71                _malloc
00023017                _max_free
00024e19                _memccpy
00024d14                _memcpy
00021ad8                _message1
00021b34                _message2
00022d0c                _minit
00022487                _open
00023d81                _playback
00021b90                _printChar
00021f75                _printLetter
00024b99                _printf
00024668                _putc
000246ff                _putchar
00024027                _puts
000223d9                _read
000249fe                _readmsg
00022e66                _realloc
00024ea1                _remove
000223a3                _remove_device
0002234a                _rename
0002197d                _screen_init
            000041ef    _scroll
000241a1                _setvbuf
000215de                _system_init
00023e4b                _test
00022317                _unlink
00021598                _wait
000215cc                _waitusec
000221d5                _write
000245ae                _writemsg
ffffffff                binit
            00020120    cinit
ffffffff                edata
ffffffff                end
ffffffff                etext
ffffffff                pinit


GLOBAL SYMBOLS: SORTED BY Symbol Address 

abs. value/
byte addr   word addr   name
---------   ---------   ----
00000001                $TI_capability_requires_rev3
00000002                $TI_capability$C5500$CallingConvention
00000002                $TI_capability$C5500$MemoryModel
            00000060    __stack
00001000                __SYSSTACK_SIZE
00002000                __STACK_SIZE
00002000                __SYSMEM_SIZE
            00001060    __STACK_END
            00001060    __sysstack
            00001860    _array
            00003f70    _Rcv
            00003f71    _Xmit
            00003f72    _COEFF
            00003f8a    __ftable
            00004002    __tmpnams
            000040a2    __ft_end
            000041ec    _i2c_timeout
            000041ee    _endPoint
            000041ef    _scroll
            000041f0    _i
            000041f2    __lock
            000041f4    __unlock
            000041f6    __cleanup_ptr
            000041f8    __dtors_ptr
            000041fa    __sys_memory
            000051fa    __ctypes_
00021356                __printfi
00021598                _wait
000215cc                _waitusec
000215de                _system_init
000216e1                _I2C_init
00021700                _I2C_close
00021709                _I2C_reset
00021717                _I2C_write
000217a2                _I2C_read
00021827                _GPIO_init
0002182b                _GPIO_setDirection
000218a8                _GPIO_setOutput
00021925                _GPIO_getInput
0002197d                _screen_init
00021ad8                _message1
00021b34                _message2
00021b90                _printChar
00021f75                _printLetter
00021fb0                _OSD9616_send
00021fcf                _OSD9616_multiSend
00022011                _I2S_init
00022029                _TLV320AIC3204_set
0002204a                _TLV320AIC3204_init
000221d5                _write
00022317                _unlink
0002234a                _rename
000223a3                _remove_device
000223d9                _read
00022487                _open
00022546                _lseek
000225ac                _find_registered_device
000225b5                _close
00022628                _add_device
00022718                _getenv
00022793                _HOSTwrite
00022820                _HOSTunlink
0002288a                _HOSTtime
000228e8                _HOSTrename
00022996                _HOSTread
00022a23                _HOSTopen
00022ac2                _HOSTlseek
00022b77                _HOSTclose
00022be2                _HOSTclock
00022c40                _free
00022d0c                _minit
00022d71                _malloc
00022e66                _realloc
00023017                _max_free
00023071                _free_memory
000230c7                _chkheap
000230cf                _calloc
00023117                __divd
00023582                __cleanup
000235dc                _freopen
000236a5                _fopen
000236e0                __remull
0002372e                __remlli
0002375d                __mpylli
00023815                __divull
00023909                __divlli
0002393e                __addd
00023b97                __neqd
00023bcb                __lssd
00023c13                __leqd
00023c60                __gtrd
00023cab                __geqd
00023cf5                __eqld
00023d29                __cmpd
00023d81                _playback
00023de8                _init_array
00023e4b                _test
00023e62                _main
00023e83                _initialize
00023ef2                _fputs
00024027                _puts
00024055                __mpyd
000241a1                _setvbuf
00024287                __wrt_ok
00024307                __rd_ok
00024364                __frcmpyd_div
0002442c                __doflush
00024495                _fflush
000244ee                _initArray
000244f6                _FIR
00024540                _downFunc
000245ae                _writemsg
00024663                C$$IO$$
00024668                _fputc
00024668                _putc
000246ff                _putchar
0002470e                __divul
000247af                _ltoa
0002482c                _fclose
000248a7                __frcmpyd
0002491d                __remul
0002498f                __fixdli
000249fe                _readmsg
00024a6b                _fseek
00024ad6                __fltlid
00024b3d                _atoi
00024b99                _printf
00024be9                _auto_init
00024c36                __args_main
00024c81                __remli
00024ccc                __divli
00024d14                _memcpy
00024d53                _exit
00024d91                _c_int00
00024dc5                __fixdi
00024def                I$$UDIV
00024def                __divu
00024e04                I$$UMOD
00024e04                __remu
00024e19                _memccpy
00024e3c                ___isinf
00024e58                __subd
00024e6c                I$$LMPY
00024e6c                __mpyli
00024e7f                __register_unlock
00024e87                __register_lock
00024e8f                __nop
00024e91                __negd
00024ea1                _remove
00024eab                _abort
00024eac                C$$EXIT
            00020000    __CIOBUF_
            00020120    ___cinit__
            00020120    cinit
00ffff00                _Reset
ffffffff                .bss
ffffffff                .data
ffffffff                .text
ffffffff                ___binit__
ffffffff                ___bss__
ffffffff                ___c_args__
ffffffff                ___data__
ffffffff                ___edata__
ffffffff                ___end__
ffffffff                ___etext__
ffffffff                ___pinit__
ffffffff                ___text__
ffffffff                binit
ffffffff                edata
ffffffff                end
ffffffff                etext
ffffffff                pinit

[172 symbols]
